# Daily activity log — auto-updated by GitHub Actions
# Used to keep profile repo active and track daily updates.

2026-07-12 — Initial activity log created.
2026-07-12 13:36:25 UTC — Daily profile activity update
2026-07-12 19:42:10 UTC — Daily profile activity update #1 of 8
2026-07-12 19:42:10 UTC — Daily profile activity update #2 of 8
2026-07-12 19:42:10 UTC — Daily profile activity update #3 of 8
2026-07-12 19:42:10 UTC — Daily profile activity update #4 of 8
2026-07-12 19:42:10 UTC — Daily profile activity update #5 of 8
2026-07-12 19:42:10 UTC — Daily profile activity update #6 of 8
2026-07-12 19:42:10 UTC — Daily profile activity update #7 of 8
2026-07-12 19:42:10 UTC — Daily profile activity update #8 of 8
2026-07-13 20:00:44 UTC — Daily profile activity update #1 of 4
2026-07-13 20:00:44 UTC — Daily profile activity update #2 of 4
2026-07-13 20:00:44 UTC — Daily profile activity update #3 of 4
2026-07-13 20:00:44 UTC — Daily profile activity update #4 of 4
2026-07-14 19:52:23 UTC — Daily profile activity update #1 of 10
2026-07-14 19:52:23 UTC — Daily profile activity update #2 of 10
2026-07-14 19:52:23 UTC — Daily profile activity update #3 of 10
2026-07-14 19:52:23 UTC — Daily profile activity update #4 of 10
2026-07-14 19:52:23 UTC — Daily profile activity update #5 of 10
2026-07-14 19:52:23 UTC — Daily profile activity update #6 of 10
2026-07-14 19:52:23 UTC — Daily profile activity update #7 of 10
2026-07-14 19:52:23 UTC — Daily profile activity update #8 of 10
2026-07-14 19:52:23 UTC — Daily profile activity update #9 of 10
2026-07-14 19:52:23 UTC — Daily profile activity update #10 of 10
2026-07-15 19:47:05 UTC — Daily profile activity update #1 of 6
2026-07-15 19:47:05 UTC — Daily profile activity update #2 of 6
2026-07-15 19:47:05 UTC — Daily profile activity update #3 of 6
2026-07-15 19:47:05 UTC — Daily profile activity update #4 of 6
2026-07-15 19:47:05 UTC — Daily profile activity update #5 of 6
2026-07-15 19:47:05 UTC — Daily profile activity update #6 of 6
2026-07-16 19:43:22 UTC — Daily profile activity update #1 of 5
2026-07-16 19:43:22 UTC — Daily profile activity update #2 of 5
2026-07-16 19:43:22 UTC — Daily profile activity update #3 of 5
2026-07-16 19:43:22 UTC — Daily profile activity update #4 of 5
2026-07-16 19:43:22 UTC — Daily profile activity update #5 of 5
2026-07-17 19:41:23 UTC — Daily profile activity update #1 of 1
2026-07-18 19:44:50 UTC — Daily profile activity update #1 of 5
2026-07-18 19:44:50 UTC — Daily profile activity update #2 of 5
2026-07-18 19:44:50 UTC — Daily profile activity update #3 of 5
2026-07-18 19:44:50 UTC — Daily profile activity update #4 of 5
2026-07-18 19:44:50 UTC — Daily profile activity update #5 of 5
2026-07-19 19:44:14 UTC — Daily profile activity update #1 of 13
2026-07-19 19:44:14 UTC — Daily profile activity update #2 of 13
2026-07-19 19:44:14 UTC — Daily profile activity update #3 of 13
2026-07-19 19:44:14 UTC — Daily profile activity update #4 of 13
2026-07-19 19:44:14 UTC — Daily profile activity update #5 of 13
2026-07-19 19:44:14 UTC — Daily profile activity update #6 of 13
2026-07-19 19:44:14 UTC — Daily profile activity update #7 of 13
2026-07-19 19:44:15 UTC — Daily profile activity update #8 of 13
2026-07-19 19:44:15 UTC — Daily profile activity update #9 of 13
2026-07-19 19:44:15 UTC — Daily profile activity update #10 of 13
2026-07-19 19:44:15 UTC — Daily profile activity update #11 of 13
2026-07-19 19:44:15 UTC — Daily profile activity update #12 of 13
2026-07-19 19:44:15 UTC — Daily profile activity update #13 of 13
2026-07-20 20:08:54 UTC — Daily profile activity update #1 of 6
2026-07-20 20:08:54 UTC — Daily profile activity update #2 of 6
2026-07-20 20:08:55 UTC — Daily profile activity update #3 of 6
2026-07-20 20:08:55 UTC — Daily profile activity update #4 of 6
2026-07-20 20:08:55 UTC — Daily profile activity update #5 of 6
2026-07-20 20:08:55 UTC — Daily profile activity update #6 of 6
2026-07-21 20:03:24 UTC — Daily profile activity update #1 of 4
2026-07-21 20:03:24 UTC — Daily profile activity update #2 of 4
2026-07-21 20:03:24 UTC — Daily profile activity update #3 of 4
2026-07-21 20:03:24 UTC — Daily profile activity update #4 of 4
2026-07-22 19:54:08 UTC — Daily profile activity update #1 of 13
2026-07-22 19:54:08 UTC — Daily profile activity update #2 of 13
2026-07-22 19:54:08 UTC — Daily profile activity update #3 of 13
2026-07-22 19:54:08 UTC — Daily profile activity update #4 of 13
2026-07-22 19:54:08 UTC — Daily profile activity update #5 of 13
2026-07-22 19:54:08 UTC — Daily profile activity update #6 of 13
2026-07-22 19:54:08 UTC — Daily profile activity update #7 of 13
2026-07-22 19:54:08 UTC — Daily profile activity update #8 of 13
2026-07-22 19:54:08 UTC — Daily profile activity update #9 of 13
2026-07-22 19:54:08 UTC — Daily profile activity update #10 of 13
2026-07-22 19:54:08 UTC — Daily profile activity update #11 of 13
2026-07-22 19:54:08 UTC — Daily profile activity update #12 of 13
2026-07-22 19:54:08 UTC — Daily profile activity update #13 of 13
2026-07-23 19:56:50 UTC — Daily profile activity update #1 of 8
2026-07-23 19:56:50 UTC — Daily profile activity update #2 of 8
2026-07-23 19:56:50 UTC — Daily profile activity update #3 of 8
2026-07-23 19:56:50 UTC — Daily profile activity update #4 of 8
2026-07-23 19:56:50 UTC — Daily profile activity update #5 of 8
2026-07-23 19:56:50 UTC — Daily profile activity update #6 of 8
2026-07-23 19:56:50 UTC — Daily profile activity update #7 of 8
2026-07-23 19:56:50 UTC — Daily profile activity update #8 of 8
2026-07-24 19:57:32 UTC — Daily profile activity update #1 of 4
2026-07-24 19:57:32 UTC — Daily profile activity update #2 of 4
2026-07-24 19:57:32 UTC — Daily profile activity update #3 of 4
2026-07-24 19:57:32 UTC — Daily profile activity update #4 of 4
2026-07-25 19:46:39 UTC — Daily profile activity update #1 of 8
2026-07-25 19:46:39 UTC — Daily profile activity update #2 of 8
2026-07-25 19:46:39 UTC — Daily profile activity update #3 of 8
2026-07-25 19:46:39 UTC — Daily profile activity update #4 of 8
2026-07-25 19:46:39 UTC — Daily profile activity update #5 of 8
2026-07-25 19:46:39 UTC — Daily profile activity update #6 of 8
2026-07-25 19:46:39 UTC — Daily profile activity update #7 of 8
2026-07-25 19:46:39 UTC — Daily profile activity update #8 of 8
2026-07-26 19:45:33 UTC — Daily profile activity update #1 of 4
2026-07-26 19:45:33 UTC — Daily profile activity update #2 of 4
2026-07-26 19:45:33 UTC — Daily profile activity update #3 of 4
2026-07-26 19:45:33 UTC — Daily profile activity update #4 of 4
2026-07-27 20:06:44 UTC — Daily profile activity update #1 of 8
2026-07-27 20:06:44 UTC — Daily profile activity update #2 of 8
2026-07-27 20:06:44 UTC — Daily profile activity update #3 of 8
2026-07-27 20:06:44 UTC — Daily profile activity update #4 of 8
2026-07-27 20:06:44 UTC — Daily profile activity update #5 of 8
2026-07-27 20:06:44 UTC — Daily profile activity update #6 of 8
2026-07-27 20:06:44 UTC — Daily profile activity update #7 of 8
2026-07-27 20:06:44 UTC — Daily profile activity update #8 of 8
2026-07-28 20:03:27 UTC — Daily profile activity update #1 of 3
2026-07-28 20:03:27 UTC — Daily profile activity update #2 of 3
2026-07-28 20:03:27 UTC — Daily profile activity update #3 of 3
2026-07-29 19:54:12 UTC — Daily profile activity update #1 of 7
2026-07-29 19:54:12 UTC — Daily profile activity update #2 of 7
2026-07-29 19:54:12 UTC — Daily profile activity update #3 of 7
2026-07-29 19:54:12 UTC — Daily profile activity update #4 of 7
2026-07-29 19:54:12 UTC — Daily profile activity update #5 of 7
2026-07-29 19:54:12 UTC — Daily profile activity update #6 of 7
2026-07-29 19:54:12 UTC — Daily profile activity update #7 of 7
2026-07-30 20:03:58 UTC — Daily profile activity update #1 of 13
2026-07-30 20:03:58 UTC — Daily profile activity update #2 of 13
2026-07-30 20:03:58 UTC — Daily profile activity update #3 of 13
2026-07-30 20:03:58 UTC — Daily profile activity update #4 of 13
2026-07-30 20:03:58 UTC — Daily profile activity update #5 of 13
2026-07-30 20:03:58 UTC — Daily profile activity update #6 of 13
2026-07-30 20:03:58 UTC — Daily profile activity update #7 of 13
2026-07-30 20:03:58 UTC — Daily profile activity update #8 of 13
2026-07-30 20:03:58 UTC — Daily profile activity update #9 of 13
2026-07-30 20:03:58 UTC — Daily profile activity update #10 of 13
2026-07-30 20:03:58 UTC — Daily profile activity update #11 of 13
2026-07-30 20:03:58 UTC — Daily profile activity update #12 of 13
2026-07-30 20:03:58 UTC — Daily profile activity update #13 of 13
2026-07-31 20:05:05 UTC — Daily profile activity update #1 of 7
2026-07-31 20:05:05 UTC — Daily profile activity update #2 of 7
2026-07-31 20:05:05 UTC — Daily profile activity update #3 of 7
2026-07-31 20:05:05 UTC — Daily profile activity update #4 of 7
2026-07-31 20:05:05 UTC — Daily profile activity update #5 of 7
2026-07-31 20:05:05 UTC — Daily profile activity update #6 of 7
2026-07-31 20:05:05 UTC — Daily profile activity update #7 of 7
2026-08-01 19:46:03 UTC — Daily profile activity update #1 of 3
2026-08-01 19:46:03 UTC — Daily profile activity update #2 of 3
2026-08-01 19:46:03 UTC — Daily profile activity update #3 of 3
2026-08-02 19:45:22 UTC — Daily profile activity update #1 of 14
2026-08-02 19:45:22 UTC — Daily profile activity update #2 of 14
2026-08-02 19:45:22 UTC — Daily profile activity update #3 of 14
2026-08-02 19:45:22 UTC — Daily profile activity update #4 of 14
2026-08-02 19:45:22 UTC — Daily profile activity update #5 of 14
2026-08-02 19:45:22 UTC — Daily profile activity update #6 of 14
2026-08-02 19:45:22 UTC — Daily profile activity update #7 of 14
2026-08-02 19:45:22 UTC — Daily profile activity update #8 of 14
2026-08-02 19:45:22 UTC — Daily profile activity update #9 of 14
2026-08-02 19:45:22 UTC — Daily profile activity update #10 of 14
2026-08-02 19:45:22 UTC — Daily profile activity update #11 of 14
2026-08-02 19:45:22 UTC — Daily profile activity update #12 of 14
2026-08-02 19:45:22 UTC — Daily profile activity update #13 of 14
2026-08-02 19:45:22 UTC — Daily profile activity update #14 of 14
2026-08-03 20:14:56 UTC — Daily profile activity update #1 of 11
2026-08-03 20:14:56 UTC — Daily profile activity update #2 of 11
2026-08-03 20:14:56 UTC — Daily profile activity update #3 of 11
2026-08-03 20:14:56 UTC — Daily profile activity update #4 of 11
2026-08-03 20:14:56 UTC — Daily profile activity update #5 of 11
2026-08-03 20:14:56 UTC — Daily profile activity update #6 of 11
2026-08-03 20:14:56 UTC — Daily profile activity update #7 of 11
2026-08-03 20:14:56 UTC — Daily profile activity update #8 of 11
2026-08-03 20:14:56 UTC — Daily profile activity update #9 of 11
2026-08-03 20:14:56 UTC — Daily profile activity update #10 of 11
2026-08-03 20:14:56 UTC — Daily profile activity update #11 of 11
2026-08-04 20:10:24 UTC — Daily profile activity update #1 of 13
2026-08-04 20:10:24 UTC — Daily profile activity update #2 of 13
2026-08-04 20:10:24 UTC — Daily profile activity update #3 of 13
2026-08-04 20:10:24 UTC — Daily profile activity update #4 of 13
2026-08-04 20:10:24 UTC — Daily profile activity update #5 of 13
2026-08-04 20:10:24 UTC — Daily profile activity update #6 of 13
2026-08-04 20:10:24 UTC — Daily profile activity update #7 of 13
2026-08-04 20:10:24 UTC — Daily profile activity update #8 of 13
2026-08-04 20:10:24 UTC — Daily profile activity update #9 of 13
2026-08-04 20:10:25 UTC — Daily profile activity update #10 of 13
2026-08-04 20:10:25 UTC — Daily profile activity update #11 of 13
2026-08-04 20:10:25 UTC — Daily profile activity update #12 of 13
2026-08-04 20:10:25 UTC — Daily profile activity update #13 of 13
2026-08-05 20:11:17 UTC — Daily profile activity update #1 of 9
2026-08-05 20:11:17 UTC — Daily profile activity update #2 of 9
2026-08-05 20:11:17 UTC — Daily profile activity update #3 of 9
2026-08-05 20:11:17 UTC — Daily profile activity update #4 of 9
2026-08-05 20:11:17 UTC — Daily profile activity update #5 of 9
2026-08-05 20:11:17 UTC — Daily profile activity update #6 of 9
2026-08-05 20:11:17 UTC — Daily profile activity update #7 of 9
2026-08-05 20:11:17 UTC — Daily profile activity update #8 of 9
2026-08-05 20:11:17 UTC — Daily profile activity update #9 of 9
2026-08-07 00:25:39 UTC — Daily profile activity update #1 of 8
2026-08-07 00:25:39 UTC — Daily profile activity update #2 of 8
2026-08-07 00:25:39 UTC — Daily profile activity update #3 of 8
2026-08-07 00:25:39 UTC — Daily profile activity update #4 of 8
2026-08-07 00:25:39 UTC — Daily profile activity update #5 of 8
2026-08-07 00:25:39 UTC — Daily profile activity update #6 of 8
2026-08-07 00:25:39 UTC — Daily profile activity update #7 of 8
2026-08-07 00:25:39 UTC — Daily profile activity update #8 of 8
2026-08-07 19:33:25 UTC — Daily profile activity update #1 of 7
2026-08-07 19:33:25 UTC — Daily profile activity update #2 of 7
2026-08-07 19:33:25 UTC — Daily profile activity update #3 of 7
2026-08-07 19:33:25 UTC — Daily profile activity update #4 of 7
2026-08-07 19:33:25 UTC — Daily profile activity update #5 of 7
2026-08-07 19:33:25 UTC — Daily profile activity update #6 of 7
2026-08-07 19:33:25 UTC — Daily profile activity update #7 of 7
2026-08-08 19:09:31 UTC — Daily profile activity update #1 of 3
2026-08-08 19:09:31 UTC — Daily profile activity update #2 of 3
2026-08-08 19:09:31 UTC — Daily profile activity update #3 of 3
2026-08-09 19:14:58 UTC — Daily profile activity update #1 of 11
2026-08-09 19:14:58 UTC — Daily profile activity update #2 of 11
2026-08-09 19:14:58 UTC — Daily profile activity update #3 of 11
2026-08-09 19:14:58 UTC — Daily profile activity update #4 of 11
2026-08-09 19:14:58 UTC — Daily profile activity update #5 of 11
2026-08-09 19:14:58 UTC — Daily profile activity update #6 of 11
2026-08-09 19:14:58 UTC — Daily profile activity update #7 of 11
2026-08-09 19:14:58 UTC — Daily profile activity update #8 of 11
2026-08-09 19:14:58 UTC — Daily profile activity update #9 of 11
2026-08-09 19:14:58 UTC — Daily profile activity update #10 of 11
2026-08-09 19:14:58 UTC — Daily profile activity update #11 of 11
2026-08-10 19:34:10 UTC — Daily profile activity update #1 of 8
2026-08-10 19:34:10 UTC — Daily profile activity update #2 of 8
2026-08-10 19:34:10 UTC — Daily profile activity update #3 of 8
2026-08-10 19:34:10 UTC — Daily profile activity update #4 of 8
2026-08-10 19:34:10 UTC — Daily profile activity update #5 of 8
2026-08-10 19:34:10 UTC — Daily profile activity update #6 of 8
2026-08-10 19:34:10 UTC — Daily profile activity update #7 of 8
2026-08-10 19:34:10 UTC — Daily profile activity update #8 of 8
2026-08-11 19:38:07 UTC — Daily profile activity update #1 of 8
2026-08-11 19:38:07 UTC — Daily profile activity update #2 of 8
2026-08-11 19:38:07 UTC — Daily profile activity update #3 of 8
2026-08-11 19:38:07 UTC — Daily profile activity update #4 of 8
2026-08-11 19:38:07 UTC — Daily profile activity update #5 of 8
2026-08-11 19:38:07 UTC — Daily profile activity update #6 of 8
2026-08-11 19:38:07 UTC — Daily profile activity update #7 of 8
2026-08-11 19:38:07 UTC — Daily profile activity update #8 of 8
2026-08-12 19:41:01 UTC — Daily profile activity update #1 of 1
2026-08-13 19:36:53 UTC — Daily profile activity update #1 of 9
2026-08-13 19:36:53 UTC — Daily profile activity update #2 of 9
2026-08-13 19:36:53 UTC — Daily profile activity update #3 of 9
2026-08-13 19:36:53 UTC — Daily profile activity update #4 of 9
2026-08-13 19:36:53 UTC — Daily profile activity update #5 of 9
2026-08-13 19:36:53 UTC — Daily profile activity update #6 of 9
2026-08-13 19:36:53 UTC — Daily profile activity update #7 of 9
2026-08-13 19:36:53 UTC — Daily profile activity update #8 of 9
2026-08-13 19:36:53 UTC — Daily profile activity update #9 of 9
2026-08-14 19:31:16 UTC — Daily profile activity update #1 of 4
2026-08-14 19:31:16 UTC — Daily profile activity update #2 of 4
2026-08-14 19:31:16 UTC — Daily profile activity update #3 of 4
2026-08-14 19:31:16 UTC — Daily profile activity update #4 of 4
2026-08-15 18:57:49 UTC — Daily profile activity update #1 of 11
2026-08-15 18:57:49 UTC — Daily profile activity update #2 of 11
2026-08-15 18:57:49 UTC — Daily profile activity update #3 of 11
2026-08-15 18:57:49 UTC — Daily profile activity update #4 of 11
2026-08-15 18:57:49 UTC — Daily profile activity update #5 of 11
2026-08-15 18:57:49 UTC — Daily profile activity update #6 of 11
2026-08-15 18:57:49 UTC — Daily profile activity update #7 of 11
2026-08-15 18:57:49 UTC — Daily profile activity update #8 of 11
2026-08-15 18:57:49 UTC — Daily profile activity update #9 of 11
2026-08-15 18:57:49 UTC — Daily profile activity update #10 of 11
2026-08-15 18:57:49 UTC — Daily profile activity update #11 of 11
2026-08-16 18:57:59 UTC — Daily profile activity update #1 of 8
2026-08-16 18:57:59 UTC — Daily profile activity update #2 of 8
2026-08-16 18:57:59 UTC — Daily profile activity update #3 of 8
2026-08-16 18:57:59 UTC — Daily profile activity update #4 of 8
2026-08-16 18:57:59 UTC — Daily profile activity update #5 of 8
2026-08-16 18:57:59 UTC — Daily profile activity update #6 of 8
2026-08-16 18:57:59 UTC — Daily profile activity update #7 of 8
2026-08-16 18:57:59 UTC — Daily profile activity update #8 of 8
2026-08-17 19:08:35 UTC — Daily profile activity update #1 of 5
2026-08-17 19:08:35 UTC — Daily profile activity update #2 of 5
2026-08-17 19:08:35 UTC — Daily profile activity update #3 of 5
2026-08-17 19:08:35 UTC — Daily profile activity update #4 of 5
2026-08-17 19:08:35 UTC — Daily profile activity update #5 of 5
2026-08-18 19:08:17 UTC — Daily profile activity update #1 of 13
2026-08-18 19:08:17 UTC — Daily profile activity update #2 of 13
2026-08-18 19:08:17 UTC — Daily profile activity update #3 of 13
2026-08-18 19:08:17 UTC — Daily profile activity update #4 of 13
2026-08-18 19:08:17 UTC — Daily profile activity update #5 of 13
2026-08-18 19:08:17 UTC — Daily profile activity update #6 of 13
2026-08-18 19:08:17 UTC — Daily profile activity update #7 of 13
2026-08-18 19:08:17 UTC — Daily profile activity update #8 of 13
2026-08-18 19:08:17 UTC — Daily profile activity update #9 of 13
2026-08-18 19:08:17 UTC — Daily profile activity update #10 of 13
2026-08-18 19:08:17 UTC — Daily profile activity update #11 of 13
2026-08-18 19:08:17 UTC — Daily profile activity update #12 of 13
2026-08-18 19:08:17 UTC — Daily profile activity update #13 of 13
2026-08-19 19:04:11 UTC — Daily profile activity update #1 of 15
2026-08-19 19:04:11 UTC — Daily profile activity update #2 of 15
2026-08-19 19:04:11 UTC — Daily profile activity update #3 of 15
2026-08-19 19:04:11 UTC — Daily profile activity update #4 of 15
2026-08-19 19:04:11 UTC — Daily profile activity update #5 of 15
2026-08-19 19:04:11 UTC — Daily profile activity update #6 of 15
2026-08-19 19:04:11 UTC — Daily profile activity update #7 of 15
2026-08-19 19:04:11 UTC — Daily profile activity update #8 of 15
2026-08-19 19:04:11 UTC — Daily profile activity update #9 of 15
2026-08-19 19:04:11 UTC — Daily profile activity update #10 of 15
2026-08-19 19:04:11 UTC — Daily profile activity update #11 of 15
2026-08-19 19:04:11 UTC — Daily profile activity update #12 of 15
2026-08-19 19:04:11 UTC — Daily profile activity update #13 of 15
2026-08-19 19:04:11 UTC — Daily profile activity update #14 of 15
2026-08-19 19:04:11 UTC — Daily profile activity update #15 of 15
2026-08-20 19:11:31 UTC — Daily profile activity update #1 of 6
2026-08-20 19:11:31 UTC — Daily profile activity update #2 of 6
2026-08-20 19:11:31 UTC — Daily profile activity update #3 of 6
2026-08-20 19:11:31 UTC — Daily profile activity update #4 of 6
2026-08-20 19:11:31 UTC — Daily profile activity update #5 of 6
2026-08-20 19:11:31 UTC — Daily profile activity update #6 of 6
2026-08-21 19:07:46 UTC — Daily profile activity update #1 of 10
2026-08-21 19:07:46 UTC — Daily profile activity update #2 of 10
2026-08-21 19:07:46 UTC — Daily profile activity update #3 of 10
2026-08-21 19:07:46 UTC — Daily profile activity update #4 of 10
2026-08-21 19:07:46 UTC — Daily profile activity update #5 of 10
2026-08-21 19:07:46 UTC — Daily profile activity update #6 of 10
2026-08-21 19:07:46 UTC — Daily profile activity update #7 of 10
2026-08-21 19:07:46 UTC — Daily profile activity update #8 of 10
2026-08-21 19:07:46 UTC — Daily profile activity update #9 of 10
2026-08-21 19:07:46 UTC — Daily profile activity update #10 of 10
2026-08-22 18:59:56 UTC — Daily profile activity update #1 of 6
2026-08-22 18:59:56 UTC — Daily profile activity update #2 of 6
2026-08-22 18:59:56 UTC — Daily profile activity update #3 of 6
2026-08-22 18:59:56 UTC — Daily profile activity update #4 of 6
2026-08-22 18:59:56 UTC — Daily profile activity update #5 of 6
2026-08-22 18:59:56 UTC — Daily profile activity update #6 of 6
2026-08-23 18:59:06 UTC — Daily profile activity update #1 of 9
2026-08-23 18:59:06 UTC — Daily profile activity update #2 of 9
2026-08-23 18:59:06 UTC — Daily profile activity update #3 of 9
2026-08-23 18:59:06 UTC — Daily profile activity update #4 of 9
2026-08-23 18:59:06 UTC — Daily profile activity update #5 of 9
2026-08-23 18:59:06 UTC — Daily profile activity update #6 of 9
2026-08-23 18:59:06 UTC — Daily profile activity update #7 of 9
2026-08-23 18:59:06 UTC — Daily profile activity update #8 of 9
2026-08-23 18:59:06 UTC — Daily profile activity update #9 of 9
2026-08-24 19:10:57 UTC — Daily profile activity update #1 of 2
2026-08-24 19:10:57 UTC — Daily profile activity update #2 of 2
2026-08-25 19:09:55 UTC — Daily profile activity update #1 of 14
2026-08-25 19:09:55 UTC — Daily profile activity update #2 of 14
2026-08-25 19:09:55 UTC — Daily profile activity update #3 of 14
2026-08-25 19:09:56 UTC — Daily profile activity update #4 of 14
2026-08-25 19:09:56 UTC — Daily profile activity update #5 of 14
2026-08-25 19:09:56 UTC — Daily profile activity update #6 of 14
2026-08-25 19:09:56 UTC — Daily profile activity update #7 of 14
2026-08-25 19:09:56 UTC — Daily profile activity update #8 of 14
2026-08-25 19:09:56 UTC — Daily profile activity update #9 of 14
2026-08-25 19:09:56 UTC — Daily profile activity update #10 of 14
2026-08-25 19:09:56 UTC — Daily profile activity update #11 of 14
2026-08-25 19:09:56 UTC — Daily profile activity update #12 of 14
2026-08-25 19:09:56 UTC — Daily profile activity update #13 of 14
2026-08-25 19:09:56 UTC — Daily profile activity update #14 of 14
2026-08-26 21:01:28 UTC — Daily profile activity update #1 of 4
2026-08-26 21:01:28 UTC — Daily profile activity update #2 of 4
2026-08-26 21:01:28 UTC — Daily profile activity update #3 of 4
2026-08-26 21:01:28 UTC — Daily profile activity update #4 of 4
2026-08-28 02:17:26 UTC — Daily profile activity update #1 of 10
2026-08-28 02:17:26 UTC — Daily profile activity update #2 of 10
2026-08-28 02:17:26 UTC — Daily profile activity update #3 of 10
2026-08-28 02:17:26 UTC — Daily profile activity update #4 of 10
2026-08-28 02:17:26 UTC — Daily profile activity update #5 of 10
2026-08-28 02:17:26 UTC — Daily profile activity update #6 of 10
2026-08-28 02:17:26 UTC — Daily profile activity update #7 of 10
2026-08-28 02:17:26 UTC — Daily profile activity update #8 of 10
2026-08-28 02:17:26 UTC — Daily profile activity update #9 of 10
2026-08-28 02:17:26 UTC — Daily profile activity update #10 of 10
2026-08-29 01:52:33 UTC — Daily profile activity update #1 of 6
2026-08-29 01:52:33 UTC — Daily profile activity update #2 of 6
2026-08-29 01:52:33 UTC — Daily profile activity update #3 of 6
2026-08-29 01:52:33 UTC — Daily profile activity update #4 of 6
2026-08-29 01:52:33 UTC — Daily profile activity update #5 of 6
2026-08-29 01:52:33 UTC — Daily profile activity update #6 of 6
2026-08-29 21:06:38 UTC — Daily profile activity update #1 of 2
2026-08-29 21:06:38 UTC — Daily profile activity update #2 of 2
2026-08-30 21:27:33 UTC — Daily profile activity update #1 of 2
2026-08-30 21:27:33 UTC — Daily profile activity update #2 of 2
2026-08-31 22:59:29 UTC — Daily profile activity update #1 of 14
2026-08-31 22:59:29 UTC — Daily profile activity update #2 of 14
2026-08-31 22:59:29 UTC — Daily profile activity update #3 of 14
2026-08-31 22:59:29 UTC — Daily profile activity update #4 of 14
2026-08-31 22:59:29 UTC — Daily profile activity update #5 of 14
2026-08-31 22:59:29 UTC — Daily profile activity update #6 of 14
